[www.flippity.net/tlfa84.html]
[backblue.gif]
[fade.gif]
[index.html]
[www.flippity.net/favicon.png]
[www.google-analytics.com/analytics.js]
[www.flippity.net/Timeline.html]
[www.flippity.net/images/Flippity-Logo-White.png]
[www.flippity.net/index.html]
[pagead2.googlesyndication.com/pagead/js/f.txt]
[www.flippity.net/errorfa84.html]
[www.flippity.net/images/Button-Condense.png]
[www.flippity.net/images/Button-Expand.png]
[www.flippity.net/images/Button-Show-All.png]
[www.flippity.net/images/Button-Hide-All.png]
[www.flippity.net/images/Share-Icon-Gray.png]
[www.flippity.net/images/Link-Icon.png]
[apis.google.com/js/platform.js]
[www.flippity.net/QR076c.html]
[www.flippity.net/images/Twitter-Button.gif]
[www.flippity.net/images/Google-Sheets-Icon.gif]
[www.flippity.net/tlfa84.html]
[www.flippity.net/tl-Style.css]
[www.flippity.net/Timeline.html]
[www.flippity.net/images/Visual-Tagline.png]
[www.flippity.net/images/SubNavBG-Big.png]
[www.flippity.net/images/SubNavTabBig-On.png]
[www.flippity.net/images/SubNavTabBig.png]
[www.flippity.net/images/Screenshot-Flashcards.png]
[www.flippity.net/fcc18e.html]
[www.flippity.net/Flashcards.html]
[www.flippity.net/images/Screenshot-QuizShow.png]
[www.flippity.net/qsbce9.html]
[www.flippity.net/QuizShow.html]
[www.flippity.net/images/Screenshot-RandomNamePicker.png]
[www.flippity.net/rp85dc.html]
[www.flippity.net/RandomNamePicker.html]
[www.flippity.net/images/New-Icon.gif]
[www.flippity.net/images/Screenshot-Randomizer.png]
[www.flippity.net/raa155.html]
[www.flippity.net/Randomizer.html]
[www.flippity.net/images/Screenshot-ScavengerHunt.png]
[www.flippity.net/sh5188.html]
[www.flippity.net/ScavengerHunt.html]
[www.flippity.net/images/Screenshot-BoardGame.png]
[www.flippity.net/bgc071.html]
[www.flippity.net/BoardGame.html]
[www.flippity.net/images/Screenshot-Manipulatives.png]
[www.flippity.net/ma5d72.html]
[www.flippity.net/Manipulatives.html]
[www.flippity.net/images/Screenshot-MatchingGame.png]
[www.flippity.net/mg4991.html]
[www.flippity.net/MatchingGame.html]
[www.flippity.net/images/Screenshot-Timeline.png]
[www.flippity.net/tl2492.html]
[www.flippity.net/images/Screenshot-Bingo.png]
[www.flippity.net/Bingo.html]
[www.flippity.net/images/Screenshot-BadgeTracker.png]
[www.flippity.net/btaa3e.html]
[www.flippity.net/BadgeTracker.html]
[www.flippity.net/images/Screenshot-Leaderboard.png]
[www.flippity.net/lb3f7a.html]
[www.flippity.net/LeaderBoard.html]
[www.flippity.net/images/Screenshot-TypingTest.png]
[www.flippity.net/tt77b4.html]
[www.flippity.net/TypingTest.html]
[www.flippity.net/images/Screenshot-SpellingWords.png]
[www.flippity.net/sw396f.html]
[www.flippity.net/SpellingWords.html]
[www.flippity.net/images/Screenshot-WordSearch.png]
[www.flippity.net/ws8a14.html]
[www.flippity.net/WordSearch.html]
[www.flippity.net/images/Screenshot-Crossword.png]
[www.flippity.net/cw8de0.html]
[www.flippity.net/Crossword.html]
[www.flippity.net/images/Screenshot-WordScramble.png]
[www.flippity.net/sc62fb.html]
[www.flippity.net/WordScramble.html]
[www.flippity.net/images/Screenshot-Snowman.png]
[www.flippity.net/hm09b4.html]
[www.flippity.net/Snowman.html]
[www.flippity.net/images/Screenshot-ProgressIndicator.png]
[www.flippity.net/picca6.html]
[www.flippity.net/ProgressIndicator.html]
[www.flippity.net/images/Screenshot-WordCloud.png]
[www.flippity.net/wc77fe.html]
[www.flippity.net/WordCloud.html]
[www.flippity.net/images/Screenshot-FunWithWords.png]
[www.flippity.net/fw16fa.html]
[www.flippity.net/FunWithWords.html]
[www.flippity.net/images/Screenshot-MadLibs.png]
[www.flippity.net/mlb901.html]
[www.flippity.net/MadLibs.html]
[www.flippity.net/images/Screenshot-TournamentBracket.png]
[www.flippity.net/tb20c5.html]
[www.flippity.net/TournamentBracket.html]
[www.flippity.net/images/Screenshot-CertificateQuiz.png]
[www.flippity.net/cq024d.html]
[www.flippity.net/CertificateQuiz.html]
[www.flippity.net/images/Screenshot-SelfAssessment.png]
[www.flippity.net/sa8b65.html]
[www.flippity.net/SelfAssessment.html]
[www.flippity.net/rp22d9.html]
[www.flippity.net/images/Arrow-Reversed-White.png]
[www.flippity.net/fw22d9.html]
[www.flippity.net/hm22d9.html]
[www.flippity.net/sc22d9.html]
[www.flippity.net/ws22d9.html]
[www.flippity.net/bi-pr22d9.html]
[www.flippity.net/mg22d9.html]
[www.flippity.net/tb22d9.html]
[www.flippity.net/ra22d9.html]
[www.flippity.net/ma22d9.html]
[www.flippity.net/wc22d9.html]
[platform.twitter.com/widgets.js]
[www.flippity.net/PrivacyPolicy.html]
[www.flippity.net/FAQ.html]
[www.flippity.net/Troubleshooting.html]
[www.flippity.net/Resources.html]
[www.flippity.net/TOS.html]
[www.flippity.net/Contact.html]
[www.flippity.net/index.html]
[www.flippity.net/images/SadFace.png]
[www.flippity.net/errorfa84.html]
[www.flippity.net/docs.google.com/index.html]
[www.flippity.net/images/Flippity-Logo-Print.png]
[www.flippity.net/QR076c.html]
[www.flippity.net/Flippity-Instructions-Style.css]
[www.flippity.net/Main-Style.css]
[www.flippity.net/swipeControl.js]
[www.flippity.net/images/FlashcardButton-SwitchSide2.gif]
[www.flippity.net/images/FlashcardButton-SwitchSide1.gif]
[www.flippity.net/images/Button-SwitchSide1.gif]
[www.flippity.net/images/Button-SwitchSide2.gif]
[www.flippity.net/fc-quiz700e.html]
[www.flippity.net/errorc18e.html]
[www.flippity.net/images/Flippity-Logo-Blue.png]
[www.flippity.net/images/SubNavBG-Long.gif]
[www.flippity.net/images/SubNavTab-On.png]
[www.flippity.net/images/SubNavTab.png]
[www.flippity.net/images/FlashcardButton-Remove.gif]
[www.flippity.net/images/FlashcardButton-Shuffle.gif]
[www.flippity.net/images/FlashcardButton-Reload.gif]
[www.flippity.net/images/Flashcard-BG-Side1.gif]
[www.flippity.net/images/Loading-Indicator.gif]
[www.flippity.net/images/FlashcardButton-Prev.gif]
[www.flippity.net/images/FlashcardButton-Flip.gif]
[www.flippity.net/images/FlashcardButton-Next.gif]
[www.flippity.net/images/FlashcardButton-Flip-Next.gif]
[www.flippity.net/fc-printc18e.html]
[www.flippity.net/images/Print-Icon.gif]
[www.flippity.net/images/Small-Green-Check.png]
[www.flippity.net/images/Small-Red-X.png]
[www.flippity.net/images/Med-Green-Check.png]
[www.flippity.net/images/Med-Red-X.png]
[www.flippity.net/images/Button-Check-Blue.png]
[www.flippity.net/images/Button-Next-Blue.png]
[www.flippity.net/images/PracticeButton-Shuffle.gif]
[www.flippity.net/images/Button-Reload.gif]
[www.flippity.net/images/HappyFace-Sm.png]
[www.flippity.net/bi789b.html]
[www.flippity.net/images/Button-Launch-Blue.png]
[www.flippity.net/cwbd64.html]
[www.flippity.net/cwfc29.html]
[www.flippity.net/mabd64.html]
[www.flippity.net/mafc29.html]
[www.flippity.net/ma05a9.html]
[www.flippity.net/mg789b.html]
[www.flippity.net/qs789b.html]
[www.flippity.net/rabd64.html]
[www.flippity.net/rafc29.html]
[www.flippity.net/shbd64.html]
[www.flippity.net/shfc29.html]
[www.flippity.net/hmbd64.html]
[www.flippity.net/hmfc29.html]
[www.flippity.net/wcbd64.html]
[www.flippity.net/wcfc29.html]
[www.flippity.net/wsbd64.html]
[www.flippity.net/wsfc29.html]
[www.flippity.net/scbd64.html]
[www.flippity.net/scfc29.html]
[www.flippity.net/images/Embed-Icon.png]
[www.flippity.net/fcc18e.html]
[www.flippity.net/Flashcards.html]
[www.flippity.net/fc9f72.html]
[www.flippity.net/images/charms/moon.png]
[www.flippity.net/images/charms/star.png]
[www.flippity.net/images/charms/clover.png]
[www.flippity.net/images/charms/horseshoe.png]
[www.flippity.net/images/charms/diamond.png]
[www.flippity.net/images/charms/QuesMark.png]
[www.flippity.net/Buzzer.mp3]
[www.flippity.net/Bell.mp3]
[www.flippity.net/Bonus.mp3]
[www.flippity.net/images/Check-Green.png]
[www.flippity.net/images/X-Gray.png]
[www.flippity.net/images/Check-Gray.png]
[www.flippity.net/images/X-Red.png]
[www.flippity.net/images/Dot-Red.png]
[www.flippity.net/images/Arrow-Up2.png]
[www.flippity.net/images/Arrow-Down2.png]
[www.flippity.net/images/Dot-Orange.png]
[www.flippity.net/images/Dot-Yellow.png]
[www.flippity.net/images/Dot-Green.png]
[www.flippity.net/images/Dot-Cyan.png]
[www.flippity.net/images/Dot-Blue.png]
[www.flippity.net/images/Dot-Purple.png]
[www.flippity.net/images/Dot-Pink.png]
[www.flippity.net/images/Preloader.gif]
[www.flippity.net/images/BonusStars.png]
[www.flippity.net/images/AddTeam.png]
[www.flippity.net/images/RemoveTeam.png]
[www.flippity.net/images/Button-ReShuffle-Small-Purple.png]
[www.flippity.net/images/Button-Reload-Purple-Small.png]
[www.flippity.net/images/Options.png]
[www.flippity.net/images/Flippity-Logo-Small-Purple.png]
[www.flippity.net/errorbce9.html]
[www.flippity.net/qsbce9.html]
[www.flippity.net/QuizShow.html]
[www.flippity.net/qs2a90.html]
[www.flippity.net/images/Flippity-Logo-Gray.png]
[www.flippity.net/images/SubNavSmallBG.png]
[www.flippity.net/images/SubNavSmall-On.png]
[www.flippity.net/images/SubNavSmall.png]
[www.flippity.net/images/Button-ReShuffle.png]
[www.flippity.net/images/Button-Rotate.png]
[www.flippity.net/images/Button-Jigsaw.png]
[www.flippity.net/images/Button-PrinterFriendly.png]
[www.flippity.net/images/Button-Save.png]
[www.flippity.net/images/Button-Fullscreen.png]
[www.flippity.net/images/Button-Timer-Blue.png]
[www.flippity.net/images/Button-Play-Blue-Small.png]
[www.flippity.net/images/Button-Stop-Blue-Small.png]
[www.flippity.net/images/Button-Reload-Blue-Small.png]
[www.flippity.net/images/Button-Close-Blue-Sm.png]
[www.flippity.net/images/Avatar-Generic.jpg]
[www.flippity.net/Beep.mp3]
[www.flippity.net/images/Button-Shrinkscreen.png]
[www.flippity.net/error85dc.html]
[www.flippity.net/rp.js]
[cdnjs.cloudflare.com/ajax/libs/gsap/latest/TweenMax.min.js]
[www.flippity.net/images/Button-Up.png]
[www.flippity.net/images/Button-Down.png]
[www.flippity.net/images/Button-DelColumn.png]
[www.flippity.net/images/Button-AddColumn.png]
[www.flippity.net/images/Button-DelRow.png]
[www.flippity.net/images/Button-AddRow.png]
[www.flippity.net/images/Button-Sort.png]
[www.flippity.net/images/Button-Edit-Blue.png]
[www.flippity.net/fw6c38.html]
[www.flippity.net/ma6c38.html]
[www.flippity.net/ra6c38.html]
[www.flippity.net/rp85dc.html]
[www.flippity.net/tb6c38.html]
[www.flippity.net/RandomNamePicker.html]
[www.flippity.net/ra.html]
[www.flippity.net/errora155.html]
[www.flippity.net/images/Button-Zoom.png]
[www.flippity.net/images/Button-Remove.png]
[www.flippity.net/images/Wheel-Indicator-Lt.png]
[www.flippity.net/images/Wheel-Indicator-Rt.png]
[www.flippity.net/images/Button-Up-Blue-Sm.png]
[www.flippity.net/images/Button-Down-Blue-Sm.png]
[www.flippity.net/images/Button-Spin.png]
[www.flippity.net/images/Button-Spin-Sm.png]
[www.flippity.net/raa155.html]
[www.flippity.net/Randomizer.html]
[www.flippity.net/raa155-2.html]
[www.flippity.net/Locked.mp3]
[www.flippity.net/Unlock.mp3]
[www.flippity.net/images/Flippitynet-Small-Gray.png]
[www.flippity.net/images/Lightbulb.png]
[www.flippity.net/images/Lightbulb-sm.png]
[www.flippity.net/images/Lock-Green-sm.png]
[www.flippity.net/images/Button-Timer-Black.png]
[www.flippity.net/error5188.html]
[www.flippity.net/images/Button-Next-Blue2.png]
[www.flippity.net/images/Back-Blue.png]
[www.flippity.net/blank.html]
[www.flippity.net/images/Button-Report.png]
[www.flippity.net/sh5188.html]
[www.flippity.net/ScavengerHunt.html]
[www.flippity.net/images/Button-Info.png]
[www.flippity.net/errorc071.html]
[www.flippity.net/Dice.mp3]
[www.flippity.net/CardFlip.mp3]
[www.flippity.net/images/Button-Close.png]
[www.flippity.net/images/Button-Check-Gray.png]
[www.flippity.net/images/Button-Hand.png]
[www.flippity.net/images/Flippity-Logo-Small-Red.png]
[www.flippity.net/bgc071.html]
[www.flippity.net/BoardGame.html]
[www.flippity.net/error5d72.html]
[www.flippity.net/images/Icon-Background.png]
[www.flippity.net/images/Button-Shrink.png]
[www.flippity.net/images/Button-Enlarge.png]
[www.flippity.net/images/Button-Reload-Black-XSmall.png]
[www.flippity.net/images/Button-Options.png]
[www.flippity.net/images/Flippity-Logo-Small-Black.png]
[www.flippity.net/ma5d72.html]
[www.flippity.net/images/Flippity-Logo-Black.png]
[www.flippity.net/Manipulatives.html]
[www.flippity.net/images/MemoryCard-Red.gif]
[www.flippity.net/images/BG-Gray-Felt.jpg]
[www.flippity.net/images/MemoryCard-Orange.gif]
[www.flippity.net/images/MemoryCard-Yellow.gif]
[www.flippity.net/images/MemoryCard-Green.gif]
[www.flippity.net/images/MemoryCard-Blue.gif]
[www.flippity.net/images/MemoryCard-Purple.gif]
[www.flippity.net/images/MemoryCard-Black.gif]
[www.flippity.net/error4991.html]
[www.flippity.net/images/Button-Sound-On.png]
[www.flippity.net/images/Button-Numbers.png]
[www.flippity.net/images/Button-Reload-Black-Small.png]
[www.flippity.net/mg4991.html]
[www.flippity.net/MatchingGame.html]
[www.flippity.net/error2492.html]
[www.flippity.net/tl2492.html]
[www.flippity.net/Bingo.html]
[www.flippity.net/bi5077.php]
[www.flippity.net/images/Flippity-Logo-Yellow.png]
[www.flippity.net/bt-in838e.html]
[www.flippity.net/images/badges/1-Star-sm.png]
[www.flippity.net/images/badges/2-Star-sm.png]
[www.flippity.net/images/badges/3-Star-sm.png]
[www.flippity.net/images/Check-Gray-sm.png]
[www.flippity.net/bt-praa3e.html]
[www.flippity.net/erroraa3e.html]
[www.flippity.net/btaa3e.html]
[www.flippity.net/BadgeTracker.html]
[www.flippity.net/btd080.html]
[www.flippity.net/error3f7a.html]
[www.flippity.net/lb3f7a.html]
[www.flippity.net/LeaderBoard.html]
[www.flippity.net/bt3f7a.html]
[www.flippity.net/error77b4.html]
[www.flippity.net/images/Button-Back-Teal.png]
[www.flippity.net/images/Button-Next-Teal.png]
[www.flippity.net/images/Button-Reload-Teal.png]
[www.flippity.net/tt77b4.html]
[www.flippity.net/TypingTest.html]
[www.flippity.net/images/Flippity-Logo-Purple.png]
[www.flippity.net/images/Green-Check.png]
[www.flippity.net/images/Red-X.png]
[www.flippity.net/images/Next-Pink.png]
[www.flippity.net/images/Submit-Pink.png]
[www.flippity.net/images/Green-Check-Small.png]
[www.flippity.net/images/Red-X-small.png]
[www.flippity.net/error396f.html]
[www.flippity.net/images/Back-Purple.png]
[www.flippity.net/images/SubNavRoundedBG.png]
[www.flippity.net/images/SubNavTabRounded-On.png]
[www.flippity.net/images/SubNavTabRounded.png]
[www.flippity.net/images/Repeat-Blue-Small.png]
[www.flippity.net/images/Check-Blue.png]
[www.flippity.net/images/Next-Blue.png]
[www.flippity.net/images/Green-Check-Big.png]
[www.flippity.net/images/Reload-Blue.png]
[www.flippity.net/images/Repeat-Pink-Small.png]
[www.flippity.net/images/Button-Launch-Purple.png]
[www.flippity.net/sw396f.html]
[www.flippity.net/SpellingWords.html]
[www.flippity.net/images/Button-Reload-Green.png]
[www.flippity.net/images/Button-Key-Green.png]
[www.flippity.net/images/Button-Print-Green.png]
[www.flippity.net/error8a14.html]
[www.flippity.net/images/ws-3.png]
[www.flippity.net/images/ws-6.png]
[www.flippity.net/images/ws-9.png]
[www.flippity.net/images/ws-12.png]
[www.flippity.net/images/ws-4.5.png]
[www.flippity.net/images/ws-1.5.png]
[www.flippity.net/images/ws-7.5.png]
[www.flippity.net/images/ws-10.5.png]
[ajax.googleapis.com/ajax/libs/jquery/1.7.1/jquery.min.js]
[www.flippity.net/ws1.js]
[www.flippity.net/ws2.js]
[www.flippity.net/ws8a14.html]
[www.flippity.net/WordSearch.html]
[www.flippity.net/cw.js]
[www.flippity.net/cw-rtl.js]
[www.flippity.net/error8de0.html]
[www.flippity.net/images/Button-Reload-Green2.png]
[www.flippity.net/images/Button-Key-Green2.png]
[www.flippity.net/images/Button-Print-Green2.png]
[www.flippity.net/cw8de0.html]
[www.flippity.net/Crossword.html]
[www.flippity.net/error62fb.html]
[www.flippity.net/images/Button-Reload-Green3.png]
[www.flippity.net/images/Button-Key-Green3.png]
[www.flippity.net/images/Button-Print-Green3.png]
[www.flippity.net/sc62fb.html]
[www.flippity.net/WordScramble.html]
[www.flippity.net/error09b4.html]
[www.flippity.net/images/HangmanBlank.png]
[www.flippity.net/images/Button-Check-Green.png]
[www.flippity.net/images/Button-Next-Green.png]
[www.flippity.net/hm09b4.html]
[www.flippity.net/hm5f18.html]
[www.flippity.net/hm5d90.html]
[www.flippity.net/hm02fa.html]
[www.flippity.net/Snowman.html]
[www.flippity.net/hm080f.html]
[www.flippity.net/images/Flippity-Logo-Orange.png]
[www.flippity.net/errorcca6.html]
[www.flippity.net/picca6.html]
[www.flippity.net/ProgressIndicator.html]
[www.flippity.net/error77fe.html]
[cdn.anychart.com/releases/8.8.0/js/anychart-base.min.js]
[cdn.anychart.com/releases/8.8.0/js/anychart-tag-cloud.min.js]
[www.flippity.net/images/ScreenshotIntructions.png]
[www.flippity.net/images/Icon-Wrench.png]
[www.flippity.net/wc77fe.html]
[www.flippity.net/WordCloud.html]
[www.flippity.net/images/letters/LED/End.png]
[www.flippity.net/images/letters/lego/end-lt.jpg]
[www.flippity.net/images/letters/lego/end-rt.jpg]
[www.flippity.net/images/letters/sand/end-lt.jpg]
[www.flippity.net/images/letters/sand/end-rt.jpg]
[www.flippity.net/images/letters/scrabble/blank.jpg]
[www.flippity.net/error16fa.html]
[www.flippity.net/fw16fa.html]
[www.flippity.net/images/BG-Graphics.png]
[www.flippity.net/FunWithWords.html]
[www.flippity.net/fwfbf2.html]
[www.flippity.net/errorb901.html]
[www.flippity.net/mlb901.html]
[www.flippity.net/MadLibs.html]
[www.flippity.net/error20c5.html]
[www.flippity.net/images/Button-Reload-Small-Red.png]
[www.flippity.net/images/Button-Seeded.png]
[www.flippity.net/images/Button-Random.png]
[www.flippity.net/images/Button-Print-Small-Red.png]
[www.flippity.net/tb20c5.html]
[www.flippity.net/TournamentBracket.html]
[www.flippity.net/tb6dce.html]
[www.flippity.net/images/CertificateHeader.png]
[www.flippity.net/images/CertificateBG.png]
[www.flippity.net/error024d.html]
[www.flippity.net/images/RadioBox.png]
[www.flippity.net/images/RadioBox-Checked.png]
[www.flippity.net/images/Loading-Indicator-Lg.gif]
[www.flippity.net/images/CertificateShadow.png]
[www.flippity.net/cq024d.html]
[www.flippity.net/CertificateQuiz.html]
[www.flippity.net/images/CheckBox-Checked.png]
[www.flippity.net/images/CheckBox.png]
[www.flippity.net/cqeeca.html]
[www.flippity.net/QR076c-2.html]
[www.flippity.net/sa8b65.html]
[www.flippity.net/SelfAssessment.html]
[www.flippity.net/error22d9.html]
[www.flippity.net/fwf9e9.html]
[www.flippity.net/maf9e9.html]
[www.flippity.net/raf9e9.html]
[www.flippity.net/tbf9e9.html]
[www.flippity.net/rp22d9.html]
[www.flippity.net/rp22d9-2.html]
[www.flippity.net/fw22d9.html]
[www.flippity.net/fw22d9-2.html]
[www.flippity.net/hm22d9.html]
[www.flippity.net/hm22d9-2.html]
[www.flippity.net/sc22d9.html]
[www.flippity.net/sc22d9-2.html]
[www.flippity.net/ws22d9.html]
[www.flippity.net/ws22d9-2.html]
[flippity.net/images/BingoCard.png]
[www.flippity.net/bi-pr22d9.html]
[www.flippity.net/mg22d9.html]
[www.flippity.net/mg22d9-2.html]
[www.flippity.net/tb22d9.html]
[www.flippity.net/ra22d9.html]
[www.flippity.net/ma22d9.html]
[www.flippity.net/wc22d9.html]
[www.flippity.net/PrivacyPolicy.html]
[www.flippity.net/FAQ.html]
[www.flippity.net/tb22d9-2.html]
[www.flippity.net/images/TroubleshootingLink.gif]
[www.flippity.net/Troubleshooting.html]
[www.flippity.net/images/resources/Flippity-Logo.jpg]
[www.flippity.net/images/resources/Flippity.net-Logo.jpg]
[www.flippity.net/images/resources/Flippity-Logo-Happy.jpg]
[www.flippity.net/images/resources/Flippity.net-Logo-Happy.jpg]
[www.flippity.net/images/resources/Staff.png]
[www.flippity.net/images/resources/Measure.png]
[www.flippity.net/images/resources/Single-Bar.png]
[www.flippity.net/images/resources/Double-Bar.png]
[www.flippity.net/images/resources/End-Bar.png]
[www.flippity.net/images/resources/End-Repeat.png]
[www.flippity.net/images/resources/Begin-Repeat.png]
[www.flippity.net/images/resources/Treble-Clef.png]
[www.flippity.net/images/resources/Bass-Clef.png]
[www.flippity.net/images/resources/Sharp.png]
[www.flippity.net/images/resources/Flat.png]
[www.flippity.net/images/resources/Natural.png]
[www.flippity.net/images/resources/Common-Time.png]
[www.flippity.net/images/resources/Cut-Time.png]
[www.flippity.net/images/resources/2-2.png]
[www.flippity.net/images/resources/2-4.png]
[www.flippity.net/images/resources/3-4.png]
[www.flippity.net/images/resources/4-4.png]
[www.flippity.net/images/resources/Sixteenth-Note.png]
[www.flippity.net/images/resources/Eighth-Note.png]
[www.flippity.net/images/resources/Quarter-Note.png]
[www.flippity.net/images/resources/Half-Note.png]
[www.flippity.net/images/resources/Whole-Note.png]
[www.flippity.net/images/resources/Dotted-Eighth-Note.png]
[www.flippity.net/images/resources/Dotted-Quarter-Note.png]
[www.flippity.net/images/resources/Dotted-Half-Note.png]
[www.flippity.net/images/resources/Sixteenth-Rest.png]
[www.flippity.net/images/resources/Eighth-Rest.png]
[www.flippity.net/images/resources/Quarter-Rest.png]
[www.flippity.net/images/resources/Half-Rest.png]
[www.flippity.net/images/resources/Whole-Rest.png]
[www.flippity.net/images/resources/Dotted-Eighth-Rest.png]
[www.flippity.net/images/resources/Dotted-Quarter-Rest.png]
[www.flippity.net/images/resources/Dotted-Half-Rest.png]
[www.flippity.net/images/resources/Pianissimo.png]
[www.flippity.net/images/resources/Piano.png]
[www.flippity.net/images/resources/Forte.png]
[www.flippity.net/images/resources/Fortissimo.png]
[www.flippity.net/images/resources/Triplet.png]
[www.flippity.net/images/resources/Beamed-Sixteenths.png]
[www.flippity.net/images/resources/Four-Beamed-Sixteenths.png]
[www.flippity.net/images/resources/Beamed-Eighths.png]
[www.flippity.net/images/resources/Four-Beamed-Eighths.png]
[www.flippity.net/images/resources/Eighth-Sixteenth.png]
[www.flippity.net/images/resources/Sixteenth-Eighth.png]
[www.flippity.net/images/resources/Staccato.png]
[www.flippity.net/images/resources/Fermata.png]
[www.flippity.net/images/resources/Alto-Clef.png]
[www.flippity.net/images/resources/Up-Bow.png]
[www.flippity.net/images/resources/Down-Bow.png]
[www.flippity.net/images/badges/Spelling.gif]
[www.flippity.net/images/badges/Reading.gif]
[www.flippity.net/images/badges/Music.gif]
[www.flippity.net/images/badges/ComputerBasics.gif]
[www.flippity.net/images/badges/Tablet.gif]
[www.flippity.net/images/badges/OnlineSafety.gif]
[www.flippity.net/images/badges/Anti-cyberbullying.gif]
[www.flippity.net/images/badges/Troubleshooting.gif]
[www.flippity.net/images/badges/Search.gif]
[www.flippity.net/images/badges/WebEvaluation.gif]
[www.flippity.net/images/badges/Typing.gif]
[www.flippity.net/images/badges/Email.gif]
[www.flippity.net/images/badges/GoogleClassroom.gif]
[www.flippity.net/images/badges/GoogleDoc.gif]
[www.flippity.net/images/badges/GoogleDrawing.gif]
[www.flippity.net/images/badges/GoogleForm.gif]
[www.flippity.net/images/badges/GoogleSlideshow.gif]
[www.flippity.net/images/badges/GoogleSpreadsheet.gif]
[www.flippity.net/images/badges/GoogleSites.gif]
[www.flippity.net/images/badges/GraphicDesign.gif]
[www.flippity.net/images/badges/Collaboration.gif]
[www.flippity.net/images/badges/Screencast.gif]
[www.flippity.net/images/badges/Presentation.gif]
[www.flippity.net/images/badges/Canva.gif]
[www.flippity.net/images/badges/Prezi.gif]
[www.flippity.net/images/badges/Infographic.gif]
[www.flippity.net/images/badges/Graphs.gif]
[www.flippity.net/images/badges/RenWeb.gif]
[www.flippity.net/images/badges/AUP.gif]
[www.flippity.net/images/badges/Copyright.gif]
[www.flippity.net/images/badges/MLA.gif]
[www.flippity.net/images/badges/APA.gif]
[www.flippity.net/images/badges/Tinkercad.gif]
[www.flippity.net/images/badges/STEM.gif]
[www.flippity.net/images/badges/ComputerAnatomy.gif]
[www.flippity.net/images/badges/ComputerHistory.gif]
[www.flippity.net/images/badges/Scratch.gif]
[www.flippity.net/images/badges/SketchUp.gif]
[www.flippity.net/images/badges/HTML.gif]
[www.flippity.net/images/badges/CSS.gif]
[www.flippity.net/images/badges/Javascript.gif]
[www.flippity.net/images/badges/Python.gif]
[www.flippity.net/images/badges/Java.gif]
[www.flippity.net/images/badges/SQL.gif]
[www.flippity.net/images/badges/GoogleHangout.gif]
[www.flippity.net/images/badges/Zoom.gif]
[www.flippity.net/images/badges/Chinese.gif]
[www.flippity.net/images/badges/English.gif]
[www.flippity.net/images/badges/English2.gif]
[www.flippity.net/images/badges/French.gif]
[www.flippity.net/images/badges/German.gif]
[www.flippity.net/images/badges/Ghanaian.gif]
[www.flippity.net/images/badges/Hebrew.gif]
[www.flippity.net/images/badges/Italian.gif]
[www.flippity.net/images/badges/Japanese.gif]
[www.flippity.net/images/badges/Spanish.gif]
[www.flippity.net/Resources.html]
[www.flippity.net/TOS.html]
[www.flippity.net/Contact.html]
[www.flippity.net/VarelaRound-AT.ttf]
[www.flippity.net/fc-Style.css]
[www.flippity.net/Flashcard-BG-Blank.html]
[www.flippity.net/FlashcardButton-SwitchSide1.html]
[www.flippity.net/Flashcard-BG-Side1.html]
[www.flippity.net/Flashcard-BG-Side2.html]
[www.flippity.net/Flashcard-BG-R-Side1.html]
[www.flippity.net/Flashcard-BG-R-Side2.html]
[www.flippity.net/Flashcard-BG-O-Side1.html]
[www.flippity.net/Flashcard-BG-O-Side2.html]
[www.flippity.net/Flashcard-BG-Y-Side1.html]
[www.flippity.net/Flashcard-BG-Y-Side2.html]
[www.flippity.net/Flashcard-BG-G-Side1.html]
[www.flippity.net/Flashcard-BG-G-Side2.html]
[www.flippity.net/Flashcard-BG-B-Side1.html]
[www.flippity.net/Flashcard-BG-B-Side2.html]
[www.flippity.net/Flashcard-BG-P-Side1.html]
[www.flippity.net/Flashcard-BG-P-Side2.html]
[www.flippity.net/vocaroo.com/i/index.html]
[www.flippity.net/desmos.com/calculator/index.html]
[www.flippity.net/fc-quiz700e.html]
[www.flippity.net/errorc18e.html]
[www.flippity.net/fc-printc18e.html]
[www.flippity.net/images/Button-Print-Navy.png]
[www.flippity.net/images/Button-Launch-Navy.png]
[www.flippity.net/bi789b.html]
[www.flippity.net/cwbd64.html]
[www.flippity.net/cwfc29.html]
[www.flippity.net/mabd64.html]
[www.flippity.net/mafc29.html]
[www.flippity.net/ma05a9.html]
[www.flippity.net/mg789b.html]
[www.flippity.net/qs789b.html]
[www.flippity.net/rabd64.html]
[www.flippity.net/rafc29.html]
[www.flippity.net/shbd64.html]
[www.flippity.net/shfc29.html]
[www.flippity.net/hmbd64.html]
[www.flippity.net/hmfc29.html]
[www.flippity.net/wcbd64.html]
[www.flippity.net/wcfc29.html]
[www.flippity.net/wsbd64.html]
[www.flippity.net/wsfc29.html]
[www.flippity.net/scbd64.html]
[www.flippity.net/scfc29.html]
[www.flippity.net/fc-quiz5953.html]
[www.flippity.net/error9f72.html]
[www.flippity.net/fc-print9f72.html]
[www.flippity.net/bi4532.html]
[www.flippity.net/cwdff8.html]
[www.flippity.net/cwe267.html]
[www.flippity.net/madff8.html]
[www.flippity.net/mae267.html]
[www.flippity.net/mad944.html]
[www.flippity.net/mg4532.html]
[www.flippity.net/qs4532.html]
[www.flippity.net/radff8.html]
[www.flippity.net/rae267.html]
[www.flippity.net/shdff8.html]
[www.flippity.net/she267.html]
[www.flippity.net/hmdff8.html]
[www.flippity.net/hme267.html]
[www.flippity.net/wcdff8.html]
[www.flippity.net/wce267.html]
[www.flippity.net/wsdff8.html]
[www.flippity.net/wse267.html]
[www.flippity.net/scdff8.html]
[www.flippity.net/sce267.html]
[www.flippity.net/fc9f72.html]
[www.flippity.net/qs-Style.css]
[www.flippity.net/[[https_/youtu.be/index.html]
[www.flippity.net/[[https_/vocaroo.com/i/index.html]
[www.flippity.net/[[https_/voca.ro/index.html]
[www.flippity.net/errorbce9.html]
[www.flippity.net/fc9f72-2.html]
[www.flippity.net/error2a90.html]
[www.flippity.net/qs2a90.html]
[www.flippity.net/qs2a90-2.html]
[www.flippity.net/images/RP-Wheel-BG.png]
[www.flippity.net/rp-Style.css]
[www.flippity.net/error85dc.html]
[www.flippity.net/fw6c38.html]
[www.flippity.net/ma6c38.html]
[www.flippity.net/ra6c38.html]
[www.flippity.net/tb6c38.html]
[www.flippity.net/error7de2.html]
[www.flippity.net/ra.html]
[www.flippity.net/rad41d.html]
[www.flippity.net/images/Wheel-Shading.png]
[www.flippity.net/images/Button-Close2.png]
[www.flippity.net/ra-Style.css]
[www.flippity.net/errora155.html]
[www.flippity.net/raa155-2.html]
[www.flippity.net/images/Padlock-Red.png]
[www.flippity.net/images/Lock-Red.png]
[www.flippity.net/images/Padlock-Gray.png]
[www.flippity.net/images/Lock-Gray.png]
[www.flippity.net/images/Padlock-Green.png]
[www.flippity.net/images/Lock-Green.png]
[www.flippity.net/sh-Style.css]
[www.flippity.net/error5188.html]
[www.flippity.net/blank.html]
[www.flippity.net/bg-Style.css]
[www.flippity.net/errorc071.html]
[www.flippity.net/ma-Style.css]
[www.flippity.net/error5d72.html]
[www.flippity.net/Questrial-J.ttf]
[www.flippity.net/mg-Style.css]
[www.flippity.net/error4991.html]
[www.flippity.net/error2492.html]
[www.flippity.net/error5077.html]
[www.flippity.net/ra675b.html]
[www.flippity.net/bi5077.php]
[www.flippity.net/bt-Style.css]
[www.flippity.net/1-Star.html]
[www.flippity.net/2-Star.html]
[www.flippity.net/rae021.html]
[www.flippity.net/index-2.html]
[www.flippity.net/images/Flippity-Logo-Small-Gray.png]
[www.flippity.net/bt-in838e.html]
[www.flippity.net/bt-praa3e.html]
[www.flippity.net/erroraa3e.html]
[www.flippity.net/bt-in1933.html]
[www.flippity.net/bt-prd080.html]
[www.flippity.net/errord080.html]
[www.flippity.net/btd080.html]
[www.flippity.net/lb-Style.css]
[www.flippity.net/error3f7a.html]
[www.flippity.net/btd080-2.html]
[www.flippity.net/bt-inbb2c.html]
[www.flippity.net/bt3f7a.html]
[www.flippity.net/tt-Style.css]
[www.flippity.net/error77b4.html]
[www.flippity.net/sw-Style.css]
[www.flippity.net/error396f.html]
[www.flippity.net/ws-Style.css]
[www.flippity.net/error8a14.html]
[www.flippity.net/cw-Style.css]
[www.flippity.net/error8de0.html]
[www.flippity.net/error62fb.html]
[www.flippity.net/hm-Style.css]
[www.flippity.net/Apple0.html]
[www.flippity.net/Apple1.html]
[www.flippity.net/Apple2.html]
[www.flippity.net/Apple3.html]
[www.flippity.net/Apple4.html]
[www.flippity.net/Apple5.html]
[www.flippity.net/Apple6.html]
[www.flippity.net/Apple7.html]
[www.flippity.net/Apple8.html]
[www.flippity.net/Apple9.html]
[www.flippity.net/Apple10.html]
[www.flippity.net/AppleW.html]
[www.flippity.net/AppleL.html]
[www.flippity.net/Bomb0.html]
[www.flippity.net/Bomb1.html]
[www.flippity.net/Bomb2.html]
[www.flippity.net/Bomb3.html]
[www.flippity.net/Bomb4.html]
[www.flippity.net/Bomb5.html]
[www.flippity.net/Bomb6.html]
[www.flippity.net/Bomb7.html]
[www.flippity.net/Bomb8.html]
[www.flippity.net/Bomb9.html]
[www.flippity.net/BombW.html]
[www.flippity.net/BombL.html]
[www.flippity.net/Flower0.html]
[www.flippity.net/Flower1.html]
[www.flippity.net/Flower2.html]
[www.flippity.net/Flower3.html]
[www.flippity.net/Flower4.html]
[www.flippity.net/Flower5.html]
[www.flippity.net/Flower6.html]
[www.flippity.net/Flower7.html]
[www.flippity.net/Flower8.html]
[www.flippity.net/FlowerW.html]
[www.flippity.net/FlowerL.html]
[www.flippity.net/Snowman0.html]
[www.flippity.net/Snowman1.html]
[www.flippity.net/Snowman2.html]
[www.flippity.net/Snowman3.html]
[www.flippity.net/Snowman4.html]
[www.flippity.net/Snowman5.html]
[www.flippity.net/Snowman6.html]
[www.flippity.net/Snowman7.html]
[www.flippity.net/SnowmanW.html]
[www.flippity.net/SnowmanL.html]
[www.flippity.net/Hangman0.html]
[www.flippity.net/Hangman1.html]
[www.flippity.net/Hangman2.html]
[www.flippity.net/Hangman3.html]
[www.flippity.net/Hangman4.html]
[www.flippity.net/Hangman5.html]
[www.flippity.net/Hangman6.html]
[www.flippity.net/Hangman7.html]
[www.flippity.net/HangmanW.html]
[www.flippity.net/HangmanL.html]
[www.flippity.net/error09b4.html]
[www.flippity.net/bt-pr3f7a.html]
[www.flippity.net/error5f18.html]
[www.flippity.net/hm5f18.html]
[www.flippity.net/hm5f18-2.html]
[www.flippity.net/error5d90.html]
[www.flippity.net/hm5d90.html]
[www.flippity.net/hm5d90-2.html]
[www.flippity.net/error02fa.html]
[www.flippity.net/hm02fa.html]
[www.flippity.net/hm02fa-2.html]
[www.flippity.net/error080f.html]
[www.flippity.net/hm080f.html]
[www.flippity.net/pi-Style.css]
[www.flippity.net/errorcca6.html]
[www.flippity.net/wc-Style.css]
[www.flippity.net/error77fe.html]
[www.flippity.net/hm080f-2.html]
[www.flippity.net/LicensePlate.ttf]
[www.flippity.net/HighwayGothic.ttf]
[www.flippity.net/fw-Style.css]
[www.flippity.net/images/letters/random/blank.html]
[www.flippity.net/error16fa.html]
[www.flippity.net/erroree13.html]
[www.flippity.net/fwfbf2.html]
[www.flippity.net/ml-Style.css]
[www.flippity.net/errorb901.html]
[www.flippity.net/fwfbf2-2.html]
[www.flippity.net/images/WinnerStars.png]
[www.flippity.net/tb-Style.css]
[www.flippity.net/error20c5.html]
[www.flippity.net/error6dce.html]
[www.flippity.net/tb6dce.html]
[www.flippity.net/cq-Style.css]
[www.flippity.net/error024d.html]
[www.flippity.net/sa-Style.css]
[www.flippity.net/tb6dce-2.html]
[www.flippity.net/cqeeca.html]
[www.flippity.net/QR076c-2.html]
[www.flippity.net/error22d9.html]
[www.flippity.net/fwf9e9.html]
[www.flippity.net/maf9e9.html]
[www.flippity.net/raf9e9.html]
[www.flippity.net/tbf9e9.html]
[www.flippity.net/rp22d9-2.html]
[www.flippity.net/cqeeca-2.html]
[www.flippity.net/fw22d9-2.html]
[www.flippity.net/hm22d9-2.html]
[www.flippity.net/sc22d9-2.html]
[www.flippity.net/ws22d9-2.html]
[www.flippity.net/bi-pr-Style.css]
[www.flippity.net/mg22d9-2.html]
[www.flippity.net/tb22d9-2.html]
[www.flippity.net/fc-Quiz-Style.css]
[www.flippity.net/fc-Print-Style.css]
[www.flippity.net/bi-Style.css]
[www.flippity.net/fc-quiz5953.html]
[www.flippity.net/error9f72.html]
[www.flippity.net/fc-print9f72.html]
[www.flippity.net/bi4532.html]
[www.flippity.net/cwdff8.html]
[www.flippity.net/cwe267.html]
[www.flippity.net/madff8.html]
[www.flippity.net/mae267.html]
[www.flippity.net/mad944.html]
[www.flippity.net/mg4532.html]
[www.flippity.net/qs4532.html]
[www.flippity.net/radff8.html]
[www.flippity.net/rae267.html]
[www.flippity.net/shdff8.html]
[www.flippity.net/she267.html]
[www.flippity.net/hmdff8.html]
[www.flippity.net/hme267.html]
[www.flippity.net/wcdff8.html]
[www.flippity.net/wce267.html]
[www.flippity.net/wsdff8.html]
[www.flippity.net/wse267.html]
[www.flippity.net/scdff8.html]
[www.flippity.net/sce267.html]
[www.flippity.net/fc9f72-2.html]
[www.flippity.net/error2a90.html]
[www.flippity.net/qs2a90-2.html]
[www.flippity.net/error7de2.html]
[www.flippity.net/rad41d.html]
[www.flippity.net/error5077.html]
[www.flippity.net/ra675b.html]
[www.flippity.net/rae021.html]
[www.flippity.net/index-2.html]
[www.flippity.net/bt-in1933.html]
[www.flippity.net/bt-prd080.html]
[www.flippity.net/errord080.html]
[www.flippity.net/btd080-2.html]
[www.flippity.net/bt-inbb2c.html]
[www.flippity.net/bt-pr3f7a.html]
[www.flippity.net/sc-Style.css]
[www.flippity.net/error5f18.html]
[www.flippity.net/hm5f18-2.html]
[www.flippity.net/error5d90.html]
[www.flippity.net/hm5d90-2.html]
[www.flippity.net/error02fa.html]
[www.flippity.net/hm02fa-2.html]
[www.flippity.net/error080f.html]
[www.flippity.net/hm080f-2.html]
[www.flippity.net/erroree13.html]
[www.flippity.net/fwfbf2-2.html]
[www.flippity.net/error6dce.html]
[www.flippity.net/tb6dce-2.html]
[www.flippity.net/cqeeca-2.html]
